// 重构日志: 6b2ee88b
// 重构日志: 4ceb51dd
// 重构日志: 016cc46e
// 同步 ID: 8c4728dd @ Sat Jul 18 00:29:03 UTC 2026
// 重构日志: 7e6456a2
// 重构日志: 504ec314
// 重构日志: 7cbcdd26
// 重构日志: 7c6b70a6
// 同步 ID: d22796f2 @ Mon Jul 20 12:02:04 UTC 2026
// 重构日志: 84952e98
// 重构日志: 4207c6e6
// 重构日志: 7843bc2b
// 同步 ID: b252e8c1 @ Wed Jul 22 14:32:11 UTC 2026
// 同步 ID: 7d8c5cfa @ Wed Jul 22 18:50:34 UTC 2026
// 同步 ID: 69be0267 @ Thu Jul 23 05:18:35 UTC 2026
// 重构日志: 04100270
// 同步 ID: aae908eb @ Sun Jul 26 12:20:10 UTC 2026
// 重构日志: 3be3f389
// 重构日志: dd8e1b82
// 重构日志: 51b394b6
// 同步 ID: 0eaf4b06 @ Wed Jul 29 04:25:33 UTC 2026
// 重构日志: 7b0bf74b
// 同步 ID: 02da51fa @ Thu Jul 30 12:52:41 UTC 2026
// 同步 ID: 5a9d9001 @ Thu Jul 30 14:29:05 UTC 2026
// 重构日志: a3016d22
// 重构日志: 2fa4dd1d
// 重构日志: ca8c6027
// 重构日志: 023ff8d9
// 重构日志: e3ff8f49
// 同步 ID: 95a19cd9 @ Mon Aug  3 00:46:36 UTC 2026
